
============================================================
DPC-GNN-Acoustic v3 — Training
  Config: configs/default_2d.yaml
  Device: cuda
============================================================


============================================================
DPC-GNN-Acoustic v3 — Model Summary
============================================================
  node_encoder        :     17,664 params
  p0_generator        :     16,641 params
  propagator          :      4,609 params
  decoder             :        129 params
  TOTAL               :     39,043 trainable /     39,043 total
  Device: cuda
============================================================

⚠️ No samples found in data/kwave_gt
⚠️ No samples found in data/kwave_gt

============================================================
DPC-GNN-Acoustic v3 — Starting training: 500 epochs
  Physics: dt=2.0e-08, steps=200
  CFL ≈ 1540*2.0e-08/2.34e-4 ≈ 0.132
============================================================

  Epoch    1/500 | Loss: 6.660945e-01 | L1: 2.3581e-01 | SSIM: 0.1394 | Phys: 1.2281e-15 | LR: 5.00e-06

  📊 Validation: loss=6.653801e-01 | E_ratio=0.6392 | p_max=4.5432e-03 | p_min=-4.5416e-03
  💾 Best checkpoint saved (loss=6.653801e-01)

  📊 Validation: loss=6.649774e-01 | E_ratio=0.6400 | p_max=8.9503e-03 | p_min=-8.9517e-03
  💾 Best checkpoint saved (loss=6.649774e-01)
  Epoch   10/500 | Loss: 6.650404e-01 | L1: 2.3492e-01 | SSIM: 0.1398 | Phys: 1.3943e-14 | LR: 5.00e-05

  ── Epoch 10 Detailed ──
    L1 loss:      2.349244e-01
    SSIM:         0.139768
    Physics loss: 1.394311e-14
    Total loss:   6.650404e-01
    Energy: initial=2.9946e-02, final=1.9164e-02, ratio=0.6400
    Pressure (final): max=8.9503e-03, min=-8.9517e-03, rms=5.4076e-04


  📊 Validation: loss=6.648098e-01 | E_ratio=0.6410 | p_max=1.3800e-02 | p_min=-1.3808e-02
  💾 Best checkpoint saved (loss=6.648098e-01)

  📊 Validation: loss=6.646701e-01 | E_ratio=0.6423 | p_max=1.8263e-02 | p_min=-1.8280e-02
  💾 Best checkpoint saved (loss=6.646701e-01)
  Epoch   20/500 | Loss: 6.646891e-01 | L1: 2.3460e-01 | SSIM: 0.1398 | Phys: 6.6792e-14 | LR: 1.00e-04

  ── Epoch 20 Detailed ──
    L1 loss:      2.346044e-01
    SSIM:         0.139831
    Physics loss: 6.679217e-14
    Total loss:   6.646891e-01
    Energy: initial=1.2559e-01, final=8.0675e-02, ratio=0.6423
    Pressure (final): max=1.8263e-02, min=-1.8280e-02, rms=1.1095e-03


  📊 Validation: loss=6.645309e-01 | E_ratio=0.6440 | p_max=2.1573e-02 | p_min=-2.1605e-02
  💾 Best checkpoint saved (loss=6.645309e-01)

  📊 Validation: loss=6.643949e-01 | E_ratio=0.6459 | p_max=2.3765e-02 | p_min=-2.3815e-02
  💾 Best checkpoint saved (loss=6.643949e-01)
  Epoch   30/500 | Loss: 6.644210e-01 | L1: 2.3434e-01 | SSIM: 0.1398 | Phys: 1.2178e-13 | LR: 9.99e-05

  ── Epoch 30 Detailed ──
    L1 loss:      2.343392e-01
    SSIM:         0.139836
    Physics loss: 1.217830e-13
    Total loss:   6.644210e-01
    Energy: initial=2.1472e-01, final=1.3868e-01, ratio=0.6459
    Pressure (final): max=2.3765e-02, min=-2.3815e-02, rms=1.4547e-03


  📊 Validation: loss=6.642662e-01 | E_ratio=0.6479 | p_max=2.5224e-02 | p_min=-2.5296e-02
  💾 Best checkpoint saved (loss=6.642662e-01)

  📊 Validation: loss=6.641351e-01 | E_ratio=0.6503 | p_max=2.6201e-02 | p_min=-2.6300e-02
  💾 Best checkpoint saved (loss=6.641351e-01)
  Epoch   40/500 | Loss: 6.641615e-01 | L1: 2.3408e-01 | SSIM: 0.1398 | Phys: 1.5285e-13 | LR: 9.96e-05

  ── Epoch 40 Detailed ──
    L1 loss:      2.340802e-01
    SSIM:         0.139837
    Physics loss: 1.528533e-13
    Total loss:   6.641615e-01
    Energy: initial=2.6411e-01, final=1.7174e-01, ratio=0.6503
    Pressure (final): max=2.6201e-02, min=-2.6300e-02, rms=1.6188e-03


  📊 Validation: loss=6.639994e-01 | E_ratio=0.6529 | p_max=2.6854e-02 | p_min=-2.6991e-02
  💾 Best checkpoint saved (loss=6.639994e-01)

  📊 Validation: loss=6.638561e-01 | E_ratio=0.6560 | p_max=2.7294e-02 | p_min=-2.7575e-02
  💾 Best checkpoint saved (loss=6.638561e-01)
  Epoch   50/500 | Loss: 6.638851e-01 | L1: 2.3380e-01 | SSIM: 0.1398 | Phys: 1.7023e-13 | LR: 9.90e-05

  ── Epoch 50 Detailed ──
    L1 loss:      2.338033e-01
    SSIM:         0.139836
    Physics loss: 1.702284e-13
    Total loss:   6.638851e-01
    Energy: initial=2.9151e-01, final=1.9124e-01, ratio=0.6560
    Pressure (final): max=2.7294e-02, min=-2.7575e-02, rms=1.7082e-03


  📊 Validation: loss=6.637042e-01 | E_ratio=0.6595 | p_max=2.7606e-02 | p_min=-2.8035e-02
  💾 Best checkpoint saved (loss=6.637042e-01)

  📊 Validation: loss=6.635342e-01 | E_ratio=0.6636 | p_max=2.7808e-02 | p_min=-2.8425e-02
  💾 Best checkpoint saved (loss=6.635342e-01)
  Epoch   60/500 | Loss: 6.635694e-01 | L1: 2.3349e-01 | SSIM: 0.1398 | Phys: 1.8150e-13 | LR: 9.83e-05

  ── Epoch 60 Detailed ──
    L1 loss:      2.334898e-01
    SSIM:         0.139841
    Physics loss: 1.815000e-13
    Total loss:   6.635694e-01
    Energy: initial=3.0911e-01, final=2.0513e-01, ratio=0.6636
    Pressure (final): max=2.7808e-02, min=-2.8425e-02, rms=1.7692e-03


  📊 Validation: loss=6.633453e-01 | E_ratio=0.6684 | p_max=2.7945e-02 | p_min=-2.8768e-02
  💾 Best checkpoint saved (loss=6.633453e-01)

  📊 Validation: loss=6.631323e-01 | E_ratio=0.6741 | p_max=2.8016e-02 | p_min=-2.9086e-02
  💾 Best checkpoint saved (loss=6.631323e-01)
  Epoch   70/500 | Loss: 6.631776e-01 | L1: 2.3311e-01 | SSIM: 0.1399 | Phys: 1.9050e-13 | LR: 9.74e-05

  ── Epoch 70 Detailed ──
    L1 loss:      2.331136e-01
    SSIM:         0.139872
    Physics loss: 1.905015e-13
    Total loss:   6.631776e-01
    Energy: initial=3.2281e-01, final=2.1760e-01, ratio=0.6741
    Pressure (final): max=2.8016e-02, min=-2.9086e-02, rms=1.8222e-03


  📊 Validation: loss=6.628985e-01 | E_ratio=0.6807 | p_max=2.8036e-02 | p_min=-2.9387e-02
  💾 Best checkpoint saved (loss=6.628985e-01)

  📊 Validation: loss=6.626555e-01 | E_ratio=0.6881 | p_max=2.8011e-02 | p_min=-2.9679e-02
  💾 Best checkpoint saved (loss=6.626555e-01)
  Epoch   80/500 | Loss: 6.627064e-01 | L1: 2.3267e-01 | SSIM: 0.1399 | Phys: 1.9894e-13 | LR: 9.62e-05

  ── Epoch 80 Detailed ──
    L1 loss:      2.326666e-01
    SSIM:         0.139920
    Physics loss: 1.989368e-13
    Total loss:   6.627064e-01
    Energy: initial=3.3516e-01, final=2.3062e-01, ratio=0.6881
    Pressure (final): max=2.8011e-02, min=-2.9679e-02, rms=1.8759e-03


  📊 Validation: loss=6.624147e-01 | E_ratio=0.6958 | p_max=2.7965e-02 | p_min=-2.9961e-02
  💾 Best checkpoint saved (loss=6.624147e-01)

  📊 Validation: loss=6.621717e-01 | E_ratio=0.7040 | p_max=2.7913e-02 | p_min=-3.0231e-02
  💾 Best checkpoint saved (loss=6.621717e-01)
  Epoch   90/500 | Loss: 6.622189e-01 | L1: 2.3220e-01 | SSIM: 0.1400 | Phys: 2.0732e-13 | LR: 9.49e-05

  ── Epoch 90 Detailed ──
    L1 loss:      2.321965e-01
    SSIM:         0.139955
    Physics loss: 2.073214e-13
    Total loss:   6.622189e-01
    Energy: initial=3.4714e-01, final=2.4438e-01, ratio=0.7040
    Pressure (final): max=2.7913e-02, min=-3.0231e-02, rms=1.9310e-03


  📊 Validation: loss=6.619265e-01 | E_ratio=0.7128 | p_max=2.7813e-02 | p_min=-3.0501e-02
  💾 Best checkpoint saved (loss=6.619265e-01)

  📊 Validation: loss=6.616813e-01 | E_ratio=0.7222 | p_max=2.7682e-02 | p_min=-3.0765e-02
  💾 Best checkpoint saved (loss=6.616813e-01)
  Epoch  100/500 | Loss: 6.617288e-01 | L1: 2.3171e-01 | SSIM: 0.1400 | Phys: 2.1595e-13 | LR: 9.34e-05

  ── Epoch 100 Detailed ──
    L1 loss:      2.317112e-01
    SSIM:         0.139965
    Physics loss: 2.159540e-13
    Total loss:   6.617288e-01
    Energy: initial=3.5919e-01, final=2.5940e-01, ratio=0.7222
    Pressure (final): max=2.7682e-02, min=-3.0765e-02, rms=1.9895e-03


  📊 Validation: loss=6.614389e-01 | E_ratio=0.7322 | p_max=2.7528e-02 | p_min=-3.1022e-02
  💾 Best checkpoint saved (loss=6.614389e-01)

  📊 Validation: loss=6.612027e-01 | E_ratio=0.7427 | p_max=2.7354e-02 | p_min=-3.1269e-02
  💾 Best checkpoint saved (loss=6.612027e-01)
  Epoch  110/500 | Loss: 6.612510e-01 | L1: 2.3122e-01 | SSIM: 0.1399 | Phys: 2.2494e-13 | LR: 9.17e-05

  ── Epoch 110 Detailed ──
    L1 loss:      2.312188e-01
    SSIM:         0.139936
    Physics loss: 2.249414e-13
    Total loss:   6.612510e-01
    Energy: initial=3.7139e-01, final=2.7583e-01, ratio=0.7427
    Pressure (final): max=2.7354e-02, min=-3.1269e-02, rms=2.0516e-03


  📊 Validation: loss=6.609789e-01 | E_ratio=0.7536 | p_max=2.7299e-02 | p_min=-3.1507e-02
  💾 Best checkpoint saved (loss=6.609789e-01)

  📊 Validation: loss=6.607759e-01 | E_ratio=0.7647 | p_max=2.7623e-02 | p_min=-3.1735e-02
  💾 Best checkpoint saved (loss=6.607759e-01)
  Epoch  120/500 | Loss: 6.608153e-01 | L1: 2.3074e-01 | SSIM: 0.1398 | Phys: 2.3422e-13 | LR: 8.98e-05

  ── Epoch 120 Detailed ──
    L1 loss:      2.307372e-01
    SSIM:         0.139844
    Physics loss: 2.342192e-13
    Total loss:   6.608153e-01
    Energy: initial=3.8375e-01, final=2.9344e-01, ratio=0.7647
    Pressure (final): max=2.7623e-02, min=-3.1735e-02, rms=2.1160e-03


  📊 Validation: loss=6.605878e-01 | E_ratio=0.7756 | p_max=2.7949e-02 | p_min=-3.1956e-02
  💾 Best checkpoint saved (loss=6.605878e-01)

  📊 Validation: loss=6.604105e-01 | E_ratio=0.7865 | p_max=2.8271e-02 | p_min=-3.2165e-02
  💾 Best checkpoint saved (loss=6.604105e-01)
  Epoch  130/500 | Loss: 6.604459e-01 | L1: 2.3030e-01 | SSIM: 0.1397 | Phys: 2.4362e-13 | LR: 8.77e-05

  ── Epoch 130 Detailed ──
    L1 loss:      2.303003e-01
    SSIM:         0.139709
    Physics loss: 2.436205e-13
    Total loss:   6.604459e-01
    Energy: initial=3.9622e-01, final=3.1161e-01, ratio=0.7865
    Pressure (final): max=2.8271e-02, min=-3.2165e-02, rms=2.1805e-03


  📊 Validation: loss=6.602731e-01 | E_ratio=0.7955 | p_max=2.8526e-02 | p_min=-3.2348e-02
  💾 Best checkpoint saved (loss=6.602731e-01)

  📊 Validation: loss=6.601208e-01 | E_ratio=0.7929 | p_max=2.8486e-02 | p_min=-3.2516e-02
  💾 Best checkpoint saved (loss=6.601208e-01)
  Epoch  140/500 | Loss: 6.601045e-01 | L1: 2.3001e-01 | SSIM: 0.1398 | Phys: 2.5230e-13 | LR: 8.55e-05

  ── Epoch 140 Detailed ──
    L1 loss:      2.300114e-01
    SSIM:         0.139814
    Physics loss: 2.522972e-13
    Total loss:   6.601045e-01
    Energy: initial=4.0844e-01, final=3.2385e-01, ratio=0.7929
    Pressure (final): max=2.8486e-02, min=-3.2516e-02, rms=2.2230e-03


  📊 Validation: loss=6.601440e-01 | E_ratio=0.7915 | p_max=2.8616e-02 | p_min=-3.2631e-02

  📊 Validation: loss=6.598570e-01 | E_ratio=0.7958 | p_max=2.9034e-02 | p_min=-3.2758e-02
  💾 Best checkpoint saved (loss=6.598570e-01)
  Epoch  150/500 | Loss: 6.599073e-01 | L1: 2.2985e-01 | SSIM: 0.1399 | Phys: 2.5956e-13 | LR: 8.31e-05

  ── Epoch 150 Detailed ──
    L1 loss:      2.298542e-01
    SSIM:         0.139894
    Physics loss: 2.595584e-13
    Total loss:   6.599073e-01
    Energy: initial=4.1909e-01, final=3.3353e-01, ratio=0.7958
    Pressure (final): max=2.9034e-02, min=-3.2758e-02, rms=2.2559e-03


  📊 Validation: loss=6.598057e-01 | E_ratio=0.8058 | p_max=2.8865e-02 | p_min=-3.2960e-02
  💾 Best checkpoint saved (loss=6.598057e-01)

  📊 Validation: loss=6.595454e-01 | E_ratio=0.8165 | p_max=2.9031e-02 | p_min=-3.3130e-02
  💾 Best checkpoint saved (loss=6.595454e-01)
  Epoch  160/500 | Loss: 6.595904e-01 | L1: 2.2952e-01 | SSIM: 0.1399 | Phys: 2.6736e-13 | LR: 8.06e-05

  ── Epoch 160 Detailed ──
    L1 loss:      2.295156e-01
    SSIM:         0.139850
    Physics loss: 2.673637e-13
    Total loss:   6.595904e-01
    Energy: initial=4.2880e-01, final=3.5011e-01, ratio=0.8165
    Pressure (final): max=2.9031e-02, min=-3.3130e-02, rms=2.3113e-03


  📊 Validation: loss=6.593217e-01 | E_ratio=0.8247 | p_max=2.9139e-02 | p_min=-3.3224e-02
  💾 Best checkpoint saved (loss=6.593217e-01)

  📊 Validation: loss=6.591526e-01 | E_ratio=0.8365 | p_max=2.9366e-02 | p_min=-3.3363e-02
  💾 Best checkpoint saved (loss=6.591526e-01)
  Epoch  170/500 | Loss: 6.591733e-01 | L1: 2.2910e-01 | SSIM: 0.1398 | Phys: 2.7506e-13 | LR: 7.80e-05

  ── Epoch 170 Detailed ──
    L1 loss:      2.290976e-01
    SSIM:         0.139849
    Physics loss: 2.750567e-13
    Total loss:   6.591733e-01
    Energy: initial=4.3807e-01, final=3.6645e-01, ratio=0.8365
    Pressure (final): max=2.9366e-02, min=-3.3363e-02, rms=2.3647e-03


  📊 Validation: loss=6.589571e-01 | E_ratio=0.8461 | p_max=2.9523e-02 | p_min=-3.3477e-02
  💾 Best checkpoint saved (loss=6.589571e-01)

  📊 Validation: loss=6.587316e-01 | E_ratio=0.8567 | p_max=2.9696e-02 | p_min=-3.3586e-02
  💾 Best checkpoint saved (loss=6.587316e-01)
  Epoch  180/500 | Loss: 6.587768e-01 | L1: 2.2870e-01 | SSIM: 0.1398 | Phys: 2.8259e-13 | LR: 7.52e-05

  ── Epoch 180 Detailed ──
    L1 loss:      2.287018e-01
    SSIM:         0.139850
    Physics loss: 2.825933e-13
    Total loss:   6.587768e-01
    Energy: initial=4.4704e-01, final=3.8300e-01, ratio=0.8567
    Pressure (final): max=2.9696e-02, min=-3.3586e-02, rms=2.4175e-03


  📊 Validation: loss=6.585345e-01 | E_ratio=0.8689 | p_max=2.9949e-02 | p_min=-3.3733e-02
  💾 Best checkpoint saved (loss=6.585345e-01)

  📊 Validation: loss=6.583246e-01 | E_ratio=0.8803 | p_max=3.0232e-02 | p_min=-3.3896e-02
  💾 Best checkpoint saved (loss=6.583246e-01)
  Epoch  190/500 | Loss: 6.583882e-01 | L1: 2.2829e-01 | SSIM: 0.1398 | Phys: 2.9041e-13 | LR: 7.24e-05

  ── Epoch 190 Detailed ──
    L1 loss:      2.282882e-01
    SSIM:         0.139800
    Physics loss: 2.904095e-13
    Total loss:   6.583882e-01
    Energy: initial=4.5626e-01, final=4.0163e-01, ratio=0.8803
    Pressure (final): max=3.0232e-02, min=-3.3896e-02, rms=2.4756e-03


  📊 Validation: loss=6.582829e-01 | E_ratio=0.8929 | p_max=3.0559e-02 | p_min=-3.4013e-02
  💾 Best checkpoint saved (loss=6.582829e-01)

  📊 Validation: loss=6.580560e-01 | E_ratio=0.8937 | p_max=3.0534e-02 | p_min=-3.4151e-02
  💾 Best checkpoint saved (loss=6.580560e-01)
  Epoch  200/500 | Loss: 6.580752e-01 | L1: 2.2797e-01 | SSIM: 0.1398 | Phys: 2.9777e-13 | LR: 6.94e-05

  ── Epoch 200 Detailed ──
    L1 loss:      2.279672e-01
    SSIM:         0.139784
    Physics loss: 2.977738e-13
    Total loss:   6.580752e-01
    Energy: initial=4.6535e-01, final=4.1588e-01, ratio=0.8937
    Pressure (final): max=3.0534e-02, min=-3.4151e-02, rms=2.5191e-03


  📊 Validation: loss=6.579612e-01 | E_ratio=0.8964 | p_max=3.0581e-02 | p_min=-3.4277e-02
  💾 Best checkpoint saved (loss=6.579612e-01)

  📊 Validation: loss=6.578701e-01 | E_ratio=0.9011 | p_max=3.0676e-02 | p_min=-3.4402e-02
  💾 Best checkpoint saved (loss=6.578701e-01)
  Epoch  210/500 | Loss: 6.579041e-01 | L1: 2.2782e-01 | SSIM: 0.1398 | Phys: 3.0460e-13 | LR: 6.64e-05

  ── Epoch 210 Detailed ──
    L1 loss:      2.278171e-01
    SSIM:         0.139826
    Physics loss: 3.045956e-13
    Total loss:   6.579041e-01
    Energy: initial=4.7472e-01, final=4.2776e-01, ratio=0.9011
    Pressure (final): max=3.0676e-02, min=-3.4402e-02, rms=2.5548e-03


  📊 Validation: loss=6.577801e-01 | E_ratio=0.9026 | p_max=3.0748e-02 | p_min=-3.4545e-02
  💾 Best checkpoint saved (loss=6.577801e-01)

  📊 Validation: loss=6.576921e-01 | E_ratio=0.9075 | p_max=3.0861e-02 | p_min=-3.4680e-02
  💾 Best checkpoint saved (loss=6.576921e-01)
  Epoch  220/500 | Loss: 6.577077e-01 | L1: 2.2763e-01 | SSIM: 0.1398 | Phys: 3.1148e-13 | LR: 6.33e-05

  ── Epoch 220 Detailed ──
    L1 loss:      2.276326e-01
    SSIM:         0.139850
    Physics loss: 3.114822e-13
    Total loss:   6.577077e-01
    Energy: initial=4.8428e-01, final=4.3947e-01, ratio=0.9075
    Pressure (final): max=3.0861e-02, min=-3.4680e-02, rms=2.5896e-03


  📊 Validation: loss=6.576076e-01 | E_ratio=0.9094 | p_max=3.0948e-02 | p_min=-3.4825e-02
  💾 Best checkpoint saved (loss=6.576076e-01)

  📊 Validation: loss=6.575290e-01 | E_ratio=0.9135 | p_max=3.1058e-02 | p_min=-3.4963e-02
  💾 Best checkpoint saved (loss=6.575290e-01)
  Epoch  230/500 | Loss: 6.575422e-01 | L1: 2.2747e-01 | SSIM: 0.1399 | Phys: 3.1829e-13 | LR: 6.02e-05

  ── Epoch 230 Detailed ──
    L1 loss:      2.274715e-01
    SSIM:         0.139858
    Physics loss: 3.182905e-13
    Total loss:   6.575422e-01
    Energy: initial=4.9370e-01, final=4.5097e-01, ratio=0.9135
    Pressure (final): max=3.1058e-02, min=-3.4963e-02, rms=2.6232e-03


  📊 Validation: loss=6.574530e-01 | E_ratio=0.9163 | p_max=3.1154e-02 | p_min=-3.5102e-02
  💾 Best checkpoint saved (loss=6.574530e-01)

  📊 Validation: loss=6.573828e-01 | E_ratio=0.9193 | p_max=3.1247e-02 | p_min=-3.5233e-02
  💾 Best checkpoint saved (loss=6.573828e-01)
  Epoch  240/500 | Loss: 6.573986e-01 | L1: 2.2733e-01 | SSIM: 0.1399 | Phys: 3.2489e-13 | LR: 5.70e-05

  ── Epoch 240 Detailed ──
    L1 loss:      2.273259e-01
    SSIM:         0.139855
    Physics loss: 3.248877e-13
    Total loss:   6.573986e-01
    Energy: initial=5.0282e-01, final=4.6224e-01, ratio=0.9193
    Pressure (final): max=3.1247e-02, min=-3.5233e-02, rms=2.6558e-03


  📊 Validation: loss=6.573144e-01 | E_ratio=0.9238 | p_max=3.1361e-02 | p_min=-3.5365e-02
  💾 Best checkpoint saved (loss=6.573144e-01)

  📊 Validation: loss=6.572635e-01 | E_ratio=0.9251 | p_max=3.1475e-02 | p_min=-3.5511e-02
  💾 Best checkpoint saved (loss=6.572635e-01)
  Epoch  250/500 | Loss: 6.572812e-01 | L1: 2.2720e-01 | SSIM: 0.1398 | Phys: 3.3127e-13 | LR: 5.37e-05

  ── Epoch 250 Detailed ──
    L1 loss:      2.272014e-01
    SSIM:         0.139840
    Physics loss: 3.312734e-13
    Total loss:   6.572812e-01
    Energy: initial=5.1148e-01, final=4.7319e-01, ratio=0.9251
    Pressure (final): max=3.1475e-02, min=-3.5511e-02, rms=2.6871e-03


  📊 Validation: loss=6.572146e-01 | E_ratio=0.9263 | p_max=3.1589e-02 | p_min=-3.5657e-02
  💾 Best checkpoint saved (loss=6.572146e-01)

  📊 Validation: loss=6.571582e-01 | E_ratio=0.9303 | p_max=3.1722e-02 | p_min=-3.5793e-02
  💾 Best checkpoint saved (loss=6.571582e-01)
  Epoch  260/500 | Loss: 6.571679e-01 | L1: 2.2709e-01 | SSIM: 0.1398 | Phys: 3.3706e-13 | LR: 5.05e-05

  ── Epoch 260 Detailed ──
    L1 loss:      2.270894e-01
    SSIM:         0.139843
    Physics loss: 3.370614e-13
    Total loss:   6.571679e-01
    Energy: initial=5.1967e-01, final=4.8344e-01, ratio=0.9303
    Pressure (final): max=3.1722e-02, min=-3.5793e-02, rms=2.7160e-03


  📊 Validation: loss=6.570979e-01 | E_ratio=0.9319 | p_max=3.1856e-02 | p_min=-3.5931e-02
  💾 Best checkpoint saved (loss=6.570979e-01)

  📊 Validation: loss=6.570421e-01 | E_ratio=0.9350 | p_max=3.1990e-02 | p_min=-3.6062e-02
  💾 Best checkpoint saved (loss=6.570421e-01)
  Epoch  270/500 | Loss: 6.570535e-01 | L1: 2.2698e-01 | SSIM: 0.1398 | Phys: 3.4265e-13 | LR: 4.73e-05

  ── Epoch 270 Detailed ──
    L1 loss:      2.269766e-01
    SSIM:         0.139846
    Physics loss: 3.426497e-13
    Total loss:   6.570535e-01
    Energy: initial=5.2747e-01, final=4.9319e-01, ratio=0.9350
    Pressure (final): max=3.1990e-02, min=-3.6062e-02, rms=2.7433e-03


  📊 Validation: loss=6.569880e-01 | E_ratio=0.9380 | p_max=3.2125e-02 | p_min=-3.6189e-02
  💾 Best checkpoint saved (loss=6.569880e-01)

  📊 Validation: loss=6.569349e-01 | E_ratio=0.9403 | p_max=3.2282e-02 | p_min=-3.6315e-02
  💾 Best checkpoint saved (loss=6.569349e-01)
  Epoch  280/500 | Loss: 6.569454e-01 | L1: 2.2687e-01 | SSIM: 0.1398 | Phys: 3.4805e-13 | LR: 4.40e-05

  ── Epoch 280 Detailed ──
    L1 loss:      2.268678e-01
    SSIM:         0.139845
    Physics loss: 3.480500e-13
    Total loss:   6.569454e-01
    Energy: initial=5.3488e-01, final=5.0295e-01, ratio=0.9403
    Pressure (final): max=3.2282e-02, min=-3.6315e-02, rms=2.7703e-03


  📊 Validation: loss=6.568817e-01 | E_ratio=0.9434 | p_max=3.2405e-02 | p_min=-3.6434e-02
  💾 Best checkpoint saved (loss=6.568817e-01)

  📊 Validation: loss=6.568190e-01 | E_ratio=0.9470 | p_max=3.2516e-02 | p_min=-3.6545e-02
  💾 Best checkpoint saved (loss=6.568190e-01)
  Epoch  290/500 | Loss: 6.568374e-01 | L1: 2.2676e-01 | SSIM: 0.1398 | Phys: 3.5335e-13 | LR: 4.08e-05

  ── Epoch 290 Detailed ──
    L1 loss:      2.267577e-01
    SSIM:         0.139841
    Physics loss: 3.533547e-13
    Total loss:   6.568374e-01
    Energy: initial=5.4189e-01, final=5.1318e-01, ratio=0.9470
    Pressure (final): max=3.2516e-02, min=-3.6545e-02, rms=2.7983e-03


  📊 Validation: loss=6.567559e-01 | E_ratio=0.9513 | p_max=3.2642e-02 | p_min=-3.6636e-02
  💾 Best checkpoint saved (loss=6.567559e-01)

  📊 Validation: loss=6.566832e-01 | E_ratio=0.9558 | p_max=3.2791e-02 | p_min=-3.6711e-02
  💾 Best checkpoint saved (loss=6.566832e-01)
  Epoch  300/500 | Loss: 6.566995e-01 | L1: 2.2662e-01 | SSIM: 0.1398 | Phys: 3.5860e-13 | LR: 3.77e-05

  ── Epoch 300 Detailed ──
    L1 loss:      2.266158e-01
    SSIM:         0.139833
    Physics loss: 3.586019e-13
    Total loss:   6.566995e-01
    Energy: initial=5.4847e-01, final=5.2421e-01, ratio=0.9558
    Pressure (final): max=3.2791e-02, min=-3.6711e-02, rms=2.8282e-03


  📊 Validation: loss=6.566135e-01 | E_ratio=0.9607 | p_max=3.2912e-02 | p_min=-3.6782e-02
  💾 Best checkpoint saved (loss=6.566135e-01)

  📊 Validation: loss=6.565440e-01 | E_ratio=0.9659 | p_max=3.3012e-02 | p_min=-3.6850e-02
  💾 Best checkpoint saved (loss=6.565440e-01)
  Epoch  310/500 | Loss: 6.565576e-01 | L1: 2.2647e-01 | SSIM: 0.1398 | Phys: 3.6379e-13 | LR: 3.46e-05

  ── Epoch 310 Detailed ──
    L1 loss:      2.264671e-01
    SSIM:         0.139819
    Physics loss: 3.637909e-13
    Total loss:   6.565576e-01
    Energy: initial=5.5461e-01, final=5.3570e-01, ratio=0.9659
    Pressure (final): max=3.3012e-02, min=-3.6850e-02, rms=2.8591e-03


  📊 Validation: loss=6.564760e-01 | E_ratio=0.9709 | p_max=3.3125e-02 | p_min=-3.6911e-02
  💾 Best checkpoint saved (loss=6.564760e-01)

  📊 Validation: loss=6.564093e-01 | E_ratio=0.9757 | p_max=3.3236e-02 | p_min=-3.6968e-02
  💾 Best checkpoint saved (loss=6.564093e-01)
  Epoch  320/500 | Loss: 6.564230e-01 | L1: 2.2632e-01 | SSIM: 0.1398 | Phys: 3.6869e-13 | LR: 3.16e-05

  ── Epoch 320 Detailed ──
    L1 loss:      2.263249e-01
    SSIM:         0.139804
    Physics loss: 3.686865e-13
    Total loss:   6.564230e-01
    Energy: initial=5.6028e-01, final=5.4668e-01, ratio=0.9757
    Pressure (final): max=3.3236e-02, min=-3.6968e-02, rms=2.8882e-03


  📊 Validation: loss=6.563430e-01 | E_ratio=0.9807 | p_max=3.3328e-02 | p_min=-3.7022e-02
  💾 Best checkpoint saved (loss=6.563430e-01)

  📊 Validation: loss=6.562781e-01 | E_ratio=0.9856 | p_max=3.3424e-02 | p_min=-3.7072e-02
  💾 Best checkpoint saved (loss=6.562781e-01)
  Epoch  330/500 | Loss: 6.562910e-01 | L1: 2.2619e-01 | SSIM: 0.1398 | Phys: 3.7323e-13 | LR: 2.86e-05

  ── Epoch 330 Detailed ──
    L1 loss:      2.261872e-01
    SSIM:         0.139792
    Physics loss: 3.732284e-13
    Total loss:   6.562910e-01
    Energy: initial=5.6547e-01, final=5.5733e-01, ratio=0.9856
    Pressure (final): max=3.3424e-02, min=-3.7072e-02, rms=2.9162e-03


  📊 Validation: loss=6.562151e-01 | E_ratio=0.9904 | p_max=3.3517e-02 | p_min=-3.7117e-02
  💾 Best checkpoint saved (loss=6.562151e-01)

  📊 Validation: loss=6.561546e-01 | E_ratio=0.9951 | p_max=3.3600e-02 | p_min=-3.7160e-02
  💾 Best checkpoint saved (loss=6.561546e-01)
  Epoch  340/500 | Loss: 6.561668e-01 | L1: 2.2606e-01 | SSIM: 0.1398 | Phys: 3.7747e-13 | LR: 2.57e-05

  ── Epoch 340 Detailed ──
    L1 loss:      2.260580e-01
    SSIM:         0.139782
    Physics loss: 3.774671e-13
    Total loss:   6.561668e-01
    Energy: initial=5.7020e-01, final=5.6740e-01, ratio=0.9951
    Pressure (final): max=3.3600e-02, min=-3.7160e-02, rms=2.9424e-03


  📊 Validation: loss=6.560959e-01 | E_ratio=0.9996 | p_max=3.3683e-02 | p_min=-3.7200e-02
  💾 Best checkpoint saved (loss=6.560959e-01)

  📊 Validation: loss=6.560391e-01 | E_ratio=1.0041 | p_max=3.3760e-02 | p_min=-3.7236e-02
  💾 Best checkpoint saved (loss=6.560391e-01)
  Epoch  350/500 | Loss: 6.560509e-01 | L1: 2.2594e-01 | SSIM: 0.1398 | Phys: 3.8136e-13 | LR: 2.30e-05

  ── Epoch 350 Detailed ──
    L1 loss:      2.259380e-01
    SSIM:         0.139774
    Physics loss: 3.813644e-13
    Total loss:   6.560509e-01
    Energy: initial=5.7447e-01, final=5.7680e-01, ratio=1.0041
    Pressure (final): max=3.3760e-02, min=-3.7236e-02, rms=2.9667e-03


  📊 Validation: loss=6.559850e-01 | E_ratio=1.0084 | p_max=3.3832e-02 | p_min=-3.7276e-02
  💾 Best checkpoint saved (loss=6.559850e-01)

  📊 Validation: loss=6.559331e-01 | E_ratio=1.0125 | p_max=3.3903e-02 | p_min=-3.7386e-02
  💾 Best checkpoint saved (loss=6.559331e-01)
  Epoch  360/500 | Loss: 6.559433e-01 | L1: 2.2583e-01 | SSIM: 0.1398 | Phys: 3.8491e-13 | LR: 2.04e-05

  ── Epoch 360 Detailed ──
    L1 loss:      2.258271e-01
    SSIM:         0.139768
    Physics loss: 3.849108e-13
    Total loss:   6.559433e-01
    Energy: initial=5.7830e-01, final=5.8551e-01, ratio=1.0125
    Pressure (final): max=3.3903e-02, min=-3.7386e-02, rms=2.9890e-03


  📊 Validation: loss=6.558827e-01 | E_ratio=1.0165 | p_max=3.3967e-02 | p_min=-3.7490e-02
  💾 Best checkpoint saved (loss=6.558827e-01)

  📊 Validation: loss=6.558349e-01 | E_ratio=1.0203 | p_max=3.4029e-02 | p_min=-3.7589e-02
  💾 Best checkpoint saved (loss=6.558349e-01)
  Epoch  370/500 | Loss: 6.558442e-01 | L1: 2.2573e-01 | SSIM: 0.1398 | Phys: 3.8810e-13 | LR: 1.79e-05

  ── Epoch 370 Detailed ──
    L1 loss:      2.257260e-01
    SSIM:         0.139764
    Physics loss: 3.881027e-13
    Total loss:   6.558442e-01
    Energy: initial=5.8170e-01, final=5.9351e-01, ratio=1.0203
    Pressure (final): max=3.4029e-02, min=-3.7589e-02, rms=3.0094e-03


  📊 Validation: loss=6.557887e-01 | E_ratio=1.0240 | p_max=3.4086e-02 | p_min=-3.7683e-02
  💾 Best checkpoint saved (loss=6.557887e-01)

  📊 Validation: loss=6.557459e-01 | E_ratio=1.0275 | p_max=3.4139e-02 | p_min=-3.7770e-02
  💾 Best checkpoint saved (loss=6.557459e-01)
  Epoch  380/500 | Loss: 6.557543e-01 | L1: 2.2563e-01 | SSIM: 0.1398 | Phys: 3.9095e-13 | LR: 1.55e-05

  ── Epoch 380 Detailed ──
    L1 loss:      2.256346e-01
    SSIM:         0.139761
    Physics loss: 3.909543e-13
    Total loss:   6.557543e-01
    Energy: initial=5.8470e-01, final=6.0077e-01, ratio=1.0275
    Pressure (final): max=3.4139e-02, min=-3.7770e-02, rms=3.0277e-03


  📊 Validation: loss=6.557057e-01 | E_ratio=1.0308 | p_max=3.4189e-02 | p_min=-3.7852e-02
  💾 Best checkpoint saved (loss=6.557057e-01)

  📊 Validation: loss=6.556684e-01 | E_ratio=1.0339 | p_max=3.4235e-02 | p_min=-3.7928e-02
  💾 Best checkpoint saved (loss=6.556684e-01)
  Epoch  390/500 | Loss: 6.556756e-01 | L1: 2.2555e-01 | SSIM: 0.1398 | Phys: 3.9346e-13 | LR: 1.33e-05

  ── Epoch 390 Detailed ──
    L1 loss:      2.255544e-01
    SSIM:         0.139758
    Physics loss: 3.934581e-13
    Total loss:   6.556756e-01
    Energy: initial=5.8731e-01, final=6.0721e-01, ratio=1.0339
    Pressure (final): max=3.4235e-02, min=-3.7928e-02, rms=3.0439e-03


  📊 Validation: loss=6.556343e-01 | E_ratio=1.0368 | p_max=3.4277e-02 | p_min=-3.7999e-02
  💾 Best checkpoint saved (loss=6.556343e-01)

  📊 Validation: loss=6.556026e-01 | E_ratio=1.0394 | p_max=3.4317e-02 | p_min=-3.8064e-02
  💾 Best checkpoint saved (loss=6.556026e-01)
  Epoch  400/500 | Loss: 6.556088e-01 | L1: 2.2549e-01 | SSIM: 0.1398 | Phys: 3.9562e-13 | LR: 1.12e-05

  ── Epoch 400 Detailed ──
    L1 loss:      2.254859e-01
    SSIM:         0.139754
    Physics loss: 3.956150e-13
    Total loss:   6.556088e-01
    Energy: initial=5.8955e-01, final=6.1280e-01, ratio=1.0394
    Pressure (final): max=3.4317e-02, min=-3.8064e-02, rms=3.0579e-03


  📊 Validation: loss=6.555746e-01 | E_ratio=1.0419 | p_max=3.4353e-02 | p_min=-3.8124e-02
  💾 Best checkpoint saved (loss=6.555746e-01)

  📊 Validation: loss=6.555483e-01 | E_ratio=1.0442 | p_max=3.4386e-02 | p_min=-3.8179e-02
  💾 Best checkpoint saved (loss=6.555483e-01)
  Epoch  410/500 | Loss: 6.555532e-01 | L1: 2.2543e-01 | SSIM: 0.1398 | Phys: 3.9747e-13 | LR: 9.34e-06

  ── Epoch 410 Detailed ──
    L1 loss:      2.254285e-01
    SSIM:         0.139751
    Physics loss: 3.974680e-13
    Total loss:   6.555532e-01
    Energy: initial=5.9144e-01, final=6.1756e-01, ratio=1.0442
    Pressure (final): max=3.4386e-02, min=-3.8179e-02, rms=3.0697e-03


  📊 Validation: loss=6.555247e-01 | E_ratio=1.0462 | p_max=3.4416e-02 | p_min=-3.8228e-02
  💾 Best checkpoint saved (loss=6.555247e-01)

  📊 Validation: loss=6.555037e-01 | E_ratio=1.0481 | p_max=3.4443e-02 | p_min=-3.8274e-02
  💾 Best checkpoint saved (loss=6.555037e-01)
  Epoch  420/500 | Loss: 6.555077e-01 | L1: 2.2538e-01 | SSIM: 0.1397 | Phys: 3.9901e-13 | LR: 7.63e-06

  ── Epoch 420 Detailed ──
    L1 loss:      2.253814e-01
    SSIM:         0.139747
    Physics loss: 3.990052e-13
    Total loss:   6.555077e-01
    Energy: initial=5.9303e-01, final=6.2155e-01, ratio=1.0481
    Pressure (final): max=3.4443e-02, min=-3.8274e-02, rms=3.0796e-03


  📊 Validation: loss=6.554846e-01 | E_ratio=1.0498 | p_max=3.4467e-02 | p_min=-3.8314e-02
  💾 Best checkpoint saved (loss=6.554846e-01)

  📊 Validation: loss=6.554679e-01 | E_ratio=1.0513 | p_max=3.4489e-02 | p_min=-3.8351e-02
  💾 Best checkpoint saved (loss=6.554679e-01)
  Epoch  430/500 | Loss: 6.554710e-01 | L1: 2.2534e-01 | SSIM: 0.1397 | Phys: 4.0028e-13 | LR: 6.10e-06

  ── Epoch 430 Detailed ──
    L1 loss:      2.253434e-01
    SSIM:         0.139745
    Physics loss: 4.002790e-13
    Total loss:   6.554710e-01
    Energy: initial=5.9432e-01, final=6.2481e-01, ratio=1.0513
    Pressure (final): max=3.4489e-02, min=-3.8351e-02, rms=3.0877e-03


  📊 Validation: loss=6.554527e-01 | E_ratio=1.0527 | p_max=3.4509e-02 | p_min=-3.8384e-02
  💾 Best checkpoint saved (loss=6.554527e-01)

  📊 Validation: loss=6.554395e-01 | E_ratio=1.0538 | p_max=3.4527e-02 | p_min=-3.8413e-02
  💾 Best checkpoint saved (loss=6.554395e-01)
  Epoch  440/500 | Loss: 6.554421e-01 | L1: 2.2531e-01 | SSIM: 0.1397 | Phys: 4.0128e-13 | LR: 4.77e-06

  ── Epoch 440 Detailed ──
    L1 loss:      2.253132e-01
    SSIM:         0.139742
    Physics loss: 4.012750e-13
    Total loss:   6.554421e-01
    Energy: initial=5.9536e-01, final=6.2742e-01, ratio=1.0538
    Pressure (final): max=3.4527e-02, min=-3.8413e-02, rms=3.0941e-03


  📊 Validation: loss=6.554281e-01 | E_ratio=1.0549 | p_max=3.4542e-02 | p_min=-3.8438e-02
  💾 Best checkpoint saved (loss=6.554281e-01)

  📊 Validation: loss=6.554176e-01 | E_ratio=1.0558 | p_max=3.4555e-02 | p_min=-3.8461e-02
  💾 Best checkpoint saved (loss=6.554176e-01)
  Epoch  450/500 | Loss: 6.554197e-01 | L1: 2.2529e-01 | SSIM: 0.1397 | Phys: 4.0207e-13 | LR: 3.63e-06

  ── Epoch 450 Detailed ──
    L1 loss:      2.252899e-01
    SSIM:         0.139740
    Physics loss: 4.020721e-13
    Total loss:   6.554197e-01
    Energy: initial=5.9617e-01, final=6.2946e-01, ratio=1.0558
    Pressure (final): max=3.4555e-02, min=-3.8461e-02, rms=3.0992e-03


  📊 Validation: loss=6.554092e-01 | E_ratio=1.0566 | p_max=3.4567e-02 | p_min=-3.8480e-02
  💾 Best checkpoint saved (loss=6.554092e-01)

  📊 Validation: loss=6.554015e-01 | E_ratio=1.0573 | p_max=3.4577e-02 | p_min=-3.8497e-02
  💾 Best checkpoint saved (loss=6.554015e-01)
  Epoch  460/500 | Loss: 6.554028e-01 | L1: 2.2527e-01 | SSIM: 0.1397 | Phys: 4.0267e-13 | LR: 2.69e-06

  ── Epoch 460 Detailed ──
    L1 loss:      2.252722e-01
    SSIM:         0.139739
    Physics loss: 4.026674e-13
    Total loss:   6.554028e-01
    Energy: initial=5.9679e-01, final=6.3100e-01, ratio=1.0573
    Pressure (final): max=3.4577e-02, min=-3.8497e-02, rms=3.1030e-03


  📊 Validation: loss=6.553950e-01 | E_ratio=1.0579 | p_max=3.4586e-02 | p_min=-3.8512e-02
  💾 Best checkpoint saved (loss=6.553950e-01)

  📊 Validation: loss=6.553894e-01 | E_ratio=1.0584 | p_max=3.4594e-02 | p_min=-3.8524e-02
  💾 Best checkpoint saved (loss=6.553894e-01)
  Epoch  470/500 | Loss: 6.553905e-01 | L1: 2.2526e-01 | SSIM: 0.1397 | Phys: 4.0312e-13 | LR: 1.95e-06

  ── Epoch 470 Detailed ──
    L1 loss:      2.252594e-01
    SSIM:         0.139738
    Physics loss: 4.031170e-13
    Total loss:   6.553905e-01
    Energy: initial=5.9724e-01, final=6.3215e-01, ratio=1.0584
    Pressure (final): max=3.4594e-02, min=-3.8524e-02, rms=3.1058e-03


  📊 Validation: loss=6.553847e-01 | E_ratio=1.0589 | p_max=3.4600e-02 | p_min=-3.8535e-02
  💾 Best checkpoint saved (loss=6.553847e-01)

  📊 Validation: loss=6.553807e-01 | E_ratio=1.0592 | p_max=3.4606e-02 | p_min=-3.8544e-02
  💾 Best checkpoint saved (loss=6.553807e-01)
  Epoch  480/500 | Loss: 6.553816e-01 | L1: 2.2525e-01 | SSIM: 0.1397 | Phys: 4.0343e-13 | LR: 1.42e-06

  ── Epoch 480 Detailed ──
    L1 loss:      2.252500e-01
    SSIM:         0.139737
    Physics loss: 4.034290e-13
    Total loss:   6.553816e-01
    Energy: initial=5.9758e-01, final=6.3298e-01, ratio=1.0592
    Pressure (final): max=3.4606e-02, min=-3.8544e-02, rms=3.1078e-03


  📊 Validation: loss=6.553773e-01 | E_ratio=1.0596 | p_max=3.4610e-02 | p_min=-3.8552e-02
  💾 Best checkpoint saved (loss=6.553773e-01)

  📊 Validation: loss=6.553677e-01 | E_ratio=1.0598 | p_max=3.4622e-02 | p_min=-3.8566e-02
  💾 Best checkpoint saved (loss=6.553677e-01)
  Epoch  490/500 | Loss: 6.553675e-01 | L1: 2.2524e-01 | SSIM: 0.1397 | Phys: 4.0369e-13 | LR: 1.11e-06

  ── Epoch 490 Detailed ──
    L1 loss:      2.252369e-01
    SSIM:         0.139739
    Physics loss: 4.036942e-13
    Total loss:   6.553675e-01
    Energy: initial=5.9783e-01, final=6.3357e-01, ratio=1.0598
    Pressure (final): max=3.4622e-02, min=-3.8566e-02, rms=3.1093e-03


  📊 Validation: loss=6.553635e-01 | E_ratio=1.0601 | p_max=3.4620e-02 | p_min=-3.8567e-02
  💾 Best checkpoint saved (loss=6.553635e-01)

  📊 Validation: loss=6.553608e-01 | E_ratio=1.0604 | p_max=3.4619e-02 | p_min=-3.8568e-02
  💾 Best checkpoint saved (loss=6.553608e-01)
  Epoch  500/500 | Loss: 6.553624e-01 | L1: 2.2523e-01 | SSIM: 0.1397 | Phys: 4.0390e-13 | LR: 1.00e-06

  ── Epoch 500 Detailed ──
    L1 loss:      2.252314e-01
    SSIM:         0.139738
    Physics loss: 4.038980e-13
    Total loss:   6.553624e-01
    Energy: initial=5.9804e-01, final=6.3418e-01, ratio=1.0604
    Pressure (final): max=3.4619e-02, min=-3.8568e-02, rms=3.1108e-03


============================================================
✅ Training complete!
  Total time: 113.7s (1.9min)
  Best val loss: 6.553608e-01
============================================================

